TAP version 13
# (node:3277) ExperimentalWarning: SQLite is an experimental feature and might change at any time
# (Use `node --trace-warnings ...` to show where the warning was created)
# Subtest: autonomous buyer discovers, enforces allowance, signs bound authorization, pays, independently verifies and retrieves without signing again
ok 1 - autonomous buyer discovers, enforces allowance, signs bound authorization, pays, independently verifies and retrieves without signing again
  ---
  duration_ms: 641.331566
  type: 'test'
  ...
# Subtest: buyer rejects per-purchase maximum before invoking wallet signer
ok 2 - buyer rejects per-purchase maximum before invoking wallet signer
  ---
  duration_ms: 33.139381
  type: 'test'
  ...
# Subtest: buyer rejects recipient pin before invoking wallet signer
ok 3 - buyer rejects recipient pin before invoking wallet signer
  ---
  duration_ms: 33.229208
  type: 'test'
  ...
# Subtest: buyer rejects root pin before invoking wallet signer
ok 4 - buyer rejects root pin before invoking wallet signer
  ---
  duration_ms: 14.316421
  type: 'test'
  ...
# Subtest: buyer rejects token domain before invoking wallet signer
ok 5 - buyer rejects token domain before invoking wallet signer
  ---
  duration_ms: 29.269458
  type: 'test'
  ...
# Subtest: durable aggregate allowance prevents a second distinct purchase exceeding the cap
ok 6 - durable aggregate allowance prevents a second distinct purchase exceeding the cap
  ---
  duration_ms: 302.105479
  type: 'test'
  ...
# Subtest: buyer journal rejects a changed submitted object under the same reference
ok 7 - buyer journal rejects a changed submitted object under the same reference
  ---
  duration_ms: 240.280173
  type: 'test'
  ...
# Subtest: buyer process state survives journal reopen and a lost paid HTTP response without another wallet signature
ok 8 - buyer process state survives journal reopen and a lost paid HTTP response without another wallet signature
  ---
  duration_ms: 283.826636
  type: 'test'
  ...
# Subtest: real localhost HTTP service completes the autonomous test transaction
ok 9 - real localhost HTTP service completes the autonomous test transaction
  ---
  duration_ms: 623.478981
  type: 'test'
  ...
# Subtest: buyer remembers the highest verified trust epoch and refuses rollback
ok 10 - buyer remembers the highest verified trust epoch and refuses rollback
  ---
  duration_ms: 12.495227
  type: 'test'
  ...
# (node:3278) ExperimentalWarning: SQLite is an experimental feature and might change at any time
# (Use `node --trace-warnings ...` to show where the warning was created)
# Subtest: cold agent has one Mark as input and no embedded product URLs, names or repository imports
ok 11 - cold agent has one Mark as input and no embedded product URLs, names or repository imports
  ---
  duration_ms: 5.445649
  type: 'test'
  ...
# Subtest: COLD-AGENT propagation traversal and fail-closed adversarial cases (TEST only)
    # Subtest: clean isolated process follows only Mark-derived links to independent replay and actual HTTP 402
    ok 1 - clean isolated process follows only Mark-derived links to independent replay and actual HTTP 402
      ---
      duration_ms: 898.625501
      type: 'test'
      ...
    # Subtest: missing discovery carrier fails rather than relying on prior service knowledge
    ok 2 - missing discovery carrier fails rather than relying on prior service knowledge
      ---
      duration_ms: 156.751592
      type: 'test'
      ...
    # Subtest: altered Mark signature fails
    ok 3 - altered Mark signature fails
      ---
      duration_ms: 217.656177
      type: 'test'
      ...
    # Subtest: fresh issuer signature cannot enlarge meaning beyond the independently replayed profile
    ok 4 - fresh issuer signature cannot enlarge meaning beyond the independently replayed profile
      ---
      duration_ms: 655.692357
      type: 'test'
      ...
    # Subtest: substituted discovered root cannot appoint itself
    ok 5 - substituted discovered root cannot appoint itself
      ---
      duration_ms: 188.952756
      type: 'test'
      ...
    # Subtest: changed downloaded verifier is rejected before executing it
    ok 6 - changed downloaded verifier is rejected before executing it
      ---
      duration_ms: 224.004197
      type: 'test'
      ...
    # Subtest: unreachable profile or purchase contract cannot silently become success
    ok 7 - unreachable profile or purchase contract cannot silently become success
      ---
      duration_ms: 932.540803
      type: 'test'
      ...
    # Subtest: freshly signed stale registry status is rejected
    ok 8 - freshly signed stale registry status is rejected
      ---
      duration_ms: 563.185538
      type: 'test'
      ...
    # Subtest: server-side payment terms substitution cannot cross the purchase boundary unnoticed
    ok 9 - server-side payment terms substitution cannot cross the purchase boundary unnoticed
      ---
      duration_ms: 724.68043
      type: 'test'
      ...
    # Subtest: withdrawal defeats current standing without rewriting the original Mark
    ok 10 - withdrawal defeats current standing without rewriting the original Mark
      ---
      duration_ms: 460.465312
      type: 'test'
      ...
    1..10
ok 12 - COLD-AGENT propagation traversal and fail-closed adversarial cases (TEST only)
  ---
  duration_ms: 5151.187531
  type: 'test'
  ...
# (node:3284) ExperimentalWarning: SQLite is an experimental feature and might change at any time
# (Use `node --trace-warnings ...` to show where the warning was created)
# Subtest: strict JSON rejects duplicate keys before information is lost
ok 13 - strict JSON rejects duplicate keys before information is lost
  ---
  duration_ms: 3.496076
  type: 'test'
  ...
# Subtest: strict JSON rejects nested duplicates
ok 14 - strict JSON rejects nested duplicates
  ---
  duration_ms: 0.377684
  type: 'test'
  ...
# Subtest: strict JSON rejects nonintegral numbers, unsafe integers, negative zero and lone surrogates
ok 15 - strict JSON rejects nonintegral numbers, unsafe integers, negative zero and lone surrogates
  ---
  duration_ms: 0.438718
  type: 'test'
  ...
# Subtest: canonical ordering follows UTF-16 and preserves distinct Unicode strings
ok 16 - canonical ordering follows UTF-16 and preserves distinct Unicode strings
  ---
  duration_ms: 0.412408
  type: 'test'
  ...
# Subtest: Keccak known vectors agree with public Ethereum event selectors
ok 17 - Keccak known vectors agree with public Ethereum event selectors
  ---
  duration_ms: 4.246714
  type: 'test'
  ...
# Subtest: source-locked COPY establishes only its declared operation
ok 18 - source-locked COPY establishes only its declared operation
  ---
  duration_ms: 22.972162
  type: 'test'
  ...
# Subtest: qualifier stripping cannot receive a mark
ok 19 - qualifier stripping cannot receive a mark
  ---
  duration_ms: 15.849207
  type: 'test'
  ...
# Subtest: unknown concealment cannot receive a mark
ok 20 - unknown concealment cannot receive a mark
  ---
  duration_ms: 19.11239
  type: 'test'
  ...
# Subtest: changed copy content cannot receive a mark
ok 21 - changed copy content cannot receive a mark
  ---
  duration_ms: 31.654103
  type: 'test'
  ...
# Subtest: epistemic promotion cannot receive a mark
ok 22 - epistemic promotion cannot receive a mark
  ---
  duration_ms: 14.284892
  type: 'test'
  ...
# Subtest: force escalation cannot receive a mark
ok 23 - force escalation cannot receive a mark
  ---
  duration_ms: 14.677755
  type: 'test'
  ...
# Subtest: withdrawn source cannot receive a mark
ok 24 - withdrawn source cannot receive a mark
  ---
  duration_ms: 13.384955
  type: 'test'
  ...
# Subtest: jurisdiction drift cannot receive a mark
ok 25 - jurisdiction drift cannot receive a mark
  ---
  duration_ms: 16.416925
  type: 'test'
  ...
# Subtest: temporal narrowing below requested bounds cannot receive a mark
ok 26 - temporal narrowing below requested bounds cannot receive a mark
  ---
  duration_ms: 16.658726
  type: 'test'
  ...
# Subtest: client-declared authority without an admitted key fails closed
ok 27 - client-declared authority without an admitted key fails closed
  ---
  duration_ms: 11.435722
  type: 'test'
  ...
# Subtest: a different embedded root cannot appoint itself
ok 28 - a different embedded root cannot appoint itself
  ---
  duration_ms: 8.893344
  type: 'test'
  ...
# Subtest: explicit source revocation defeats standing
ok 29 - explicit source revocation defeats standing
  ---
  duration_ms: 16.482378
  type: 'test'
  ...
# Subtest: blocking unknown prevents EXECUTE
ok 30 - blocking unknown prevents EXECUTE
  ---
  duration_ms: 11.203337
  type: 'test'
  ...
# Subtest: unrelated source cannot disappear from the submitted graph
ok 31 - unrelated source cannot disappear from the submitted graph
  ---
  duration_ms: 13.196423
  type: 'test'
  ...
# Subtest: invalid requests stop before storage and all payment work
ok 32 - invalid requests stop before storage and all payment work
  ---
  duration_ms: 45.743339
  type: 'test'
  ...
# Subtest: first paid test issuance independently verifies in Python
ok 33 - first paid test issuance independently verifies in Python
  ---
  duration_ms: 311.226521
  type: 'test'
  ...
# Subtest: a failed assessment is paid once but receives no Standing Mark
ok 34 - a failed assessment is paid once but receives no Standing Mark
  ---
  duration_ms: 250.115366
  type: 'test'
  ...
# Subtest: durable retrieval and identical POST return exactly the original bytes with no payment calls
ok 35 - durable retrieval and identical POST return exactly the original bytes with no payment calls
  ---
  duration_ms: 73.43473
  type: 'test'
  ...
# Subtest: same buyer reference with changed object is a conflict, not another purchase
ok 36 - same buyer reference with changed object is a conflict, not another purchase
  ---
  duration_ms: 26.660306
  type: 'test'
  ...
# Subtest: payment nonce is bound to the exact quote and cannot buy a different input
ok 37 - payment nonce is bound to the exact quote and cannot buy a different input
  ---
  duration_ms: 27.095908
  type: 'test'
  ...
# Subtest: wrong recipient is rejected before facilitator verification
ok 38 - wrong recipient is rejected before facilitator verification
  ---
  duration_ms: 27.446461
  type: 'test'
  ...
# Subtest: wrong amount is rejected before facilitator verification
ok 39 - wrong amount is rejected before facilitator verification
  ---
  duration_ms: 29.715449
  type: 'test'
  ...
# Subtest: wrong network is rejected before facilitator verification
ok 40 - wrong network is rejected before facilitator verification
  ---
  duration_ms: 25.283901
  type: 'test'
  ...
# Subtest: wrong asset is rejected before facilitator verification
ok 41 - wrong asset is rejected before facilitator verification
  ---
  duration_ms: 27.03946
  type: 'test'
  ...
# Subtest: wrong resource is rejected before facilitator verification
ok 42 - wrong resource is rejected before facilitator verification
  ---
  duration_ms: 27.351825
  type: 'test'
  ...
# Subtest: failed facilitator verification never settles or issues
ok 43 - failed facilitator verification never settles or issues
  ---
  duration_ms: 26.7483
  type: 'test'
  ...
# Subtest: concurrent same-purchase requests converge on one transfer and one immutable result
ok 44 - concurrent same-purchase requests converge on one transfer and one immutable result
  ---
  duration_ms: 136.497677
  type: 'test'
  ...
# Subtest: an uncertain settlement never becomes an optimistic mark
ok 45 - an uncertain settlement never becomes an optimistic mark
  ---
  duration_ms: 43.063505
  type: 'test'
  ...
# Subtest: lost response after settlement recovers exact stored authorization, not a second charge
ok 46 - lost response after settlement recovers exact stored authorization, not a second charge
  ---
  duration_ms: 30.61196
  type: 'test'
  ...
# Subtest: crash after durable settlement resumes signing without another settlement
ok 47 - crash after durable settlement resumes signing without another settlement
  ---
  duration_ms: 31.678829
  type: 'test'
  ...
# Subtest: lost HTTP response after durable issuance retrieves byte-identically
ok 48 - lost HTTP response after durable issuance retrieves byte-identically
  ---
  duration_ms: 40.505699
  type: 'test'
  ...
# Subtest: a fresh process connection retrieves durable SQLite bytes
ok 49 - a fresh process connection retrieves durable SQLite bytes
  ---
  duration_ms: 73.982498
  type: 'test'
  ...
# Subtest: buyer A cannot retrieve buyer B private result
ok 50 - buyer A cannot retrieve buyer B private result
  ---
  duration_ms: 57.813975
  type: 'test'
  ...
# Subtest: independent verifier rejects altered signatures and a wrong root pin
ok 51 - independent verifier rejects altered signatures and a wrong root pin
  ---
  duration_ms: 367.558273
  type: 'test'
  ...
# Subtest: independent replay rejects issuer-signed false promotion
ok 52 - independent replay rejects issuer-signed false promotion
  ---
  duration_ms: 192.645475
  type: 'test'
  ...
# Subtest: public registry binds the exact signed file and independent freshness check passes
ok 53 - public registry binds the exact signed file and independent freshness check passes
  ---
  duration_ms: 403.633405
  type: 'test'
  ...
# Subtest: withdrawal appends history, does not rewrite a Mark, and cannot silently reactivate it
ok 54 - withdrawal appends history, does not rewrite a Mark, and cannot silently reactivate it
  ---
  duration_ms: 59.897278
  type: 'test'
  ...
# Subtest: invalid wrong envelope type is rejected before storage or payment
ok 55 - invalid wrong envelope type is rejected before storage or payment
  ---
  duration_ms: 11.29493
  type: 'test'
  ...
# Subtest: invalid wrong algorithm is rejected before storage or payment
ok 56 - invalid wrong algorithm is rejected before storage or payment
  ---
  duration_ms: 10.959004
  type: 'test'
  ...
# Subtest: invalid wrong canonicalization is rejected before storage or payment
ok 57 - invalid wrong canonicalization is rejected before storage or payment
  ---
  duration_ms: 12.220024
  type: 'test'
  ...
# Subtest: invalid malformed signature is rejected before storage or payment
ok 58 - invalid malformed signature is rejected before storage or payment
  ---
  duration_ms: 10.805899
  type: 'test'
  ...
# (node:3518) ExperimentalWarning: SQLite is an experimental feature and might change at any time
# (Use `node --trace-warnings ...` to show where the warning was created)
# Subtest: signed carrier supplies concrete meaning, issuer relation, bounds, provenance and every canonical route
ok 59 - signed carrier supplies concrete meaning, issuer relation, bounds, provenance and every canonical route
  ---
  duration_ms: 111.144335
  type: 'test'
  ...
# Subtest: independent replay rejects an issuer-signed enlargement of the discovery meaning
ok 60 - independent replay rejects an issuer-signed enlargement of the discovery meaning
  ---
  duration_ms: 239.124857
  type: 'test'
  ...
# Subtest: independent replay rejects a signed wrong service, profile, verification path or purchase URL
ok 61 - independent replay rejects a signed wrong service, profile, verification path or purchase URL
  ---
  duration_ms: 681.966242
  type: 'test'
  ...
# Subtest: API catalog, OpenAPI, MCP declaration, indexable documentation and immutable verifier are real GET surfaces
ok 62 - API catalog, OpenAPI, MCP declaration, indexable documentation and immutable verifier are real GET surfaces
  ---
  duration_ms: 17.532234
  type: 'test'
  ...
# Subtest: published purchase contract specifies exact owner payment authority and complete original input schema
ok 63 - published purchase contract specifies exact owner payment authority and complete original input schema
  ---
  duration_ms: 12.756364
  type: 'test'
  ...
# Subtest: Bazaar metadata matches its exact linked schema without copying the customer object
ok 64 - Bazaar metadata matches its exact linked schema without copying the customer object
  ---
  duration_ms: 210.76804
  type: 'test'
  ...
# Subtest: real rail forwards only server-owned discovery while retaining exact original authorized payment fields
ok 65 - real rail forwards only server-owned discovery while retaining exact original authorized payment fields
  ---
  duration_ms: 23.791439
  type: 'test'
  ...
# Subtest: LIVE destination validation pins recipient, native Base USDC and EIP-712 identity separately from signing
ok 66 - LIVE destination validation pins recipient, native Base USDC and EIP-712 identity separately from signing
  ---
  duration_ms: 0.330245
  type: 'test'
  ...
# Subtest: production runtime has no fixture fallback when actual LIVE authority is absent
ok 67 - production runtime has no fixture fallback when actual LIVE authority is absent
  ---
  duration_ms: 0.922539
  type: 'test'
  ...
# Subtest: MCP initializes, lists exact tools and rejects cross-origin requests
ok 68 - MCP initializes, lists exact tools and rejects cross-origin requests
  ---
  duration_ms: 14.77775
  type: 'test'
  ...
# Subtest: MCP reaches the same authenticated 402 boundary and cannot invent payment authority
ok 69 - MCP reaches the same authenticated 402 boundary and cannot invent payment authority
  ---
  duration_ms: 34.995409
  type: 'test'
  ...
# Subtest: MCP result retrieval preserves exact paid bytes and does not settle again
ok 70 - MCP result retrieval preserves exact paid bytes and does not settle again
  ---
  duration_ms: 63.401582
  type: 'test'
  ...
# (node:3533) ExperimentalWarning: SQLite is an experimental feature and might change at any time
# (Use `node --trace-warnings ...` to show where the warning was created)
# Subtest: removing a signed revocation cannot silently change the admitted root status
ok 71 - removing a signed revocation cannot silently change the admitted root status
  ---
  duration_ms: 14.917631
  type: 'test'
  ...
# Subtest: removing an authority certificate cannot evade the signed status manifest
ok 72 - removing an authority certificate cannot evade the signed status manifest
  ---
  duration_ms: 7.478508
  type: 'test'
  ...
# Subtest: expired root status does not remain fresh because its signature is valid
ok 73 - expired root status does not remain fresh because its signature is valid
  ---
  duration_ms: 6.418703
  type: 'test'
  ...
# Subtest: ambiguous duplicated unknown IDs are rejected before evaluation/payment
ok 74 - ambiguous duplicated unknown IDs are rejected before evaluation/payment
  ---
  duration_ms: 7.419297
  type: 'test'
  ...
# Subtest: COMPOSE preserves separate exact member identities, qualifiers and unknowns
ok 75 - COMPOSE preserves separate exact member identities, qualifiers and unknowns
  ---
  duration_ms: 18.192144
  type: 'test'
  ...
# Subtest: graph cycle is denied rather than treated as self-grounding provenance
ok 76 - graph cycle is denied rather than treated as self-grounding provenance
  ---
  duration_ms: 15.117674
  type: 'test'
  ...
# Subtest: authority revoked after issuance limits current standing without rewriting historical Mark
ok 77 - authority revoked after issuance limits current standing without rewriting historical Mark
  ---
  duration_ms: 336.126616
  type: 'test'
  ...
# Subtest: appeal receipt is durable/idempotent and does not confer standing
ok 78 - appeal receipt is durable/idempotent and does not confer standing
  ---
  duration_ms: 68.981387
  type: 'test'
  ...
# Subtest: input depth reserves envelope capacity before any payment processing
ok 79 - input depth reserves envelope capacity before any payment processing
  ---
  duration_ms: 4.993726
  type: 'test'
  ...
# (node:3611) ExperimentalWarning: SQLite is an experimental feature and might change at any time
# (Use `node --trace-warnings ...` to show where the warning was created)
# Subtest: EVM adapter matches finalized canonical receipt, exact calldata, authorization nonce and value transfer under mocked RPC
ok 80 - EVM adapter matches finalized canonical receipt, exact calldata, authorization nonce and value transfer under mocked RPC
  ---
  duration_ms: 67.834029
  type: 'test'
  ...
# Subtest: EVM adapter refuses unmined evidence
ok 81 - EVM adapter refuses unmined evidence
  ---
  duration_ms: 24.033931
  type: 'test'
  ...
# Subtest: EVM adapter refuses failed transaction evidence
ok 82 - EVM adapter refuses failed transaction evidence
  ---
  duration_ms: 24.366881
  type: 'test'
  ...
# Subtest: EVM adapter refuses not finalized evidence
ok 83 - EVM adapter refuses not finalized evidence
  ---
  duration_ms: 23.305894
  type: 'test'
  ...
# Subtest: EVM adapter refuses reorged block evidence
ok 84 - EVM adapter refuses reorged block evidence
  ---
  duration_ms: 25.872328
  type: 'test'
  ...
# Subtest: EVM adapter refuses wrong token evidence
ok 85 - EVM adapter refuses wrong token evidence
  ---
  duration_ms: 22.178864
  type: 'test'
  ...
# Subtest: EVM adapter refuses wrong nonce event evidence
ok 86 - EVM adapter refuses wrong nonce event evidence
  ---
  duration_ms: 24.540194
  type: 'test'
  ...
# Subtest: EVM adapter refuses missing authorization event evidence
ok 87 - EVM adapter refuses missing authorization event evidence
  ---
  duration_ms: 29.170234
  type: 'test'
  ...
# Subtest: EVM adapter refuses wrong transfer amount evidence
ok 88 - EVM adapter refuses wrong transfer amount evidence
  ---
  duration_ms: 19.340785
  type: 'test'
  ...
# Subtest: EVM adapter refuses wrong recipient evidence
ok 89 - EVM adapter refuses wrong recipient evidence
  ---
  duration_ms: 19.009037
  type: 'test'
  ...
# Subtest: EVM adapter refuses removed event evidence
ok 90 - EVM adapter refuses removed event evidence
  ---
  duration_ms: 22.716396
  type: 'test'
  ...
# Subtest: EVM adapter refuses wrong calldata evidence
ok 91 - EVM adapter refuses wrong calldata evidence
  ---
  duration_ms: 21.217172
  type: 'test'
  ...
# Subtest: EVM adapter refuses different transaction identity evidence
ok 92 - EVM adapter refuses different transaction identity evidence
  ---
  duration_ms: 25.466749
  type: 'test'
  ...
# Subtest: EVM adapter refuses duplicate transfer event evidence
ok 93 - EVM adapter refuses duplicate transfer event evidence
  ---
  duration_ms: 20.690688
  type: 'test'
  ...
# Subtest: EVM adapter rejects wrong RPC chain even with matching-looking receipt
ok 94 - EVM adapter rejects wrong RPC chain even with matching-looking receipt
  ---
  duration_ms: 14.067397
  type: 'test'
  ...
# Subtest: settlement response success is not finality; recovery discovers exact authorization event
ok 95 - settlement response success is not finality; recovery discovers exact authorization event
  ---
  duration_ms: 23.304475
  type: 'test'
  ...
# (node:3707) ExperimentalWarning: SQLite is an experimental feature and might change at any time
# (Use `node --trace-warnings ...` to show where the warning was created)
# Subtest: published JSON Schemas validate submission, authority, requirements, positive Mark and negative assessment
ok 96 - published JSON Schemas validate submission, authority, requirements, positive Mark and negative assessment
  ---
  duration_ms: 921.772673
  type: 'test'
  ...
# Subtest: discovery schema links resolve on the actual service and identify the correct wire contract
ok 97 - discovery schema links resolve on the actual service and identify the correct wire contract
  ---
  duration_ms: 18.162028
  type: 'test'
  ...
1..97
# tests 107
# suites 0
# pass 107
# fail 0
# cancelled 0
# skipped 0
# todo 0
# duration_ms 5289.064523
