TAP version 13
# (node:604) ExperimentalWarning: SQLite is an experimental feature and might change at any time
# (Use `node --trace-warnings ...` to show where the warning was created)
# Subtest: strict JSON rejects duplicate keys before information is lost
ok 1 - strict JSON rejects duplicate keys before information is lost
  ---
  duration_ms: 1.872508
  type: 'test'
  ...
# Subtest: strict JSON rejects nested duplicates
ok 2 - strict JSON rejects nested duplicates
  ---
  duration_ms: 0.183086
  type: 'test'
  ...
# Subtest: strict JSON rejects nonintegral numbers, unsafe integers, negative zero and lone surrogates
ok 3 - strict JSON rejects nonintegral numbers, unsafe integers, negative zero and lone surrogates
  ---
  duration_ms: 0.207242
  type: 'test'
  ...
# Subtest: canonical ordering follows UTF-16 and preserves distinct Unicode strings
ok 4 - canonical ordering follows UTF-16 and preserves distinct Unicode strings
  ---
  duration_ms: 0.259591
  type: 'test'
  ...
# Subtest: Keccak known vectors agree with public Ethereum event selectors
ok 5 - Keccak known vectors agree with public Ethereum event selectors
  ---
  duration_ms: 1.102789
  type: 'test'
  ...
# Subtest: source-locked COPY establishes only its declared operation
ok 6 - source-locked COPY establishes only its declared operation
  ---
  duration_ms: 11.205635
  type: 'test'
  ...
# Subtest: qualifier stripping cannot receive a mark
ok 7 - qualifier stripping cannot receive a mark
  ---
  duration_ms: 7.30273
  type: 'test'
  ...
# Subtest: unknown concealment cannot receive a mark
ok 8 - unknown concealment cannot receive a mark
  ---
  duration_ms: 5.835422
  type: 'test'
  ...
# Subtest: changed copy content cannot receive a mark
ok 9 - changed copy content cannot receive a mark
  ---
  duration_ms: 7.993159
  type: 'test'
  ...
# Subtest: epistemic promotion cannot receive a mark
ok 10 - epistemic promotion cannot receive a mark
  ---
  duration_ms: 7.433688
  type: 'test'
  ...
# Subtest: force escalation cannot receive a mark
ok 11 - force escalation cannot receive a mark
  ---
  duration_ms: 5.757234
  type: 'test'
  ...
# Subtest: withdrawn source cannot receive a mark
ok 12 - withdrawn source cannot receive a mark
  ---
  duration_ms: 6.100501
  type: 'test'
  ...
# Subtest: jurisdiction drift cannot receive a mark
ok 13 - jurisdiction drift cannot receive a mark
  ---
  duration_ms: 5.598906
  type: 'test'
  ...
# Subtest: temporal narrowing below requested bounds cannot receive a mark
ok 14 - temporal narrowing below requested bounds cannot receive a mark
  ---
  duration_ms: 5.460818
  type: 'test'
  ...
# Subtest: client-declared authority without an admitted key fails closed
ok 15 - client-declared authority without an admitted key fails closed
  ---
  duration_ms: 6.751701
  type: 'test'
  ...
# Subtest: a different embedded root cannot appoint itself
ok 16 - a different embedded root cannot appoint itself
  ---
  duration_ms: 4.502076
  type: 'test'
  ...
# Subtest: explicit source revocation defeats standing
ok 17 - explicit source revocation defeats standing
  ---
  duration_ms: 6.181223
  type: 'test'
  ...
# Subtest: blocking unknown prevents EXECUTE
ok 18 - blocking unknown prevents EXECUTE
  ---
  duration_ms: 5.026524
  type: 'test'
  ...
# Subtest: unrelated source cannot disappear from the submitted graph
ok 19 - unrelated source cannot disappear from the submitted graph
  ---
  duration_ms: 5.912709
  type: 'test'
  ...
# Subtest: invalid requests stop before storage and all payment work
ok 20 - invalid requests stop before storage and all payment work
  ---
  duration_ms: 23.185724
  type: 'test'
  ...
# Subtest: first paid test issuance independently verifies in Python
ok 21 - first paid test issuance independently verifies in Python
  ---
  duration_ms: 656.164513
  type: 'test'
  ...
# Subtest: a failed assessment is paid once but receives no Standing Mark
ok 22 - a failed assessment is paid once but receives no Standing Mark
  ---
  duration_ms: 627.212206
  type: 'test'
  ...
# Subtest: durable retrieval and identical POST return exactly the original bytes with no payment calls
ok 23 - durable retrieval and identical POST return exactly the original bytes with no payment calls
  ---
  duration_ms: 34.680672
  type: 'test'
  ...
# Subtest: same buyer reference with changed object is a conflict, not another purchase
ok 24 - same buyer reference with changed object is a conflict, not another purchase
  ---
  duration_ms: 15.112293
  type: 'test'
  ...
# Subtest: payment nonce is bound to the exact quote and cannot buy a different input
ok 25 - payment nonce is bound to the exact quote and cannot buy a different input
  ---
  duration_ms: 11.511634
  type: 'test'
  ...
# Subtest: wrong recipient is rejected before facilitator verification
ok 26 - wrong recipient is rejected before facilitator verification
  ---
  duration_ms: 14.555145
  type: 'test'
  ...
# Subtest: wrong amount is rejected before facilitator verification
ok 27 - wrong amount is rejected before facilitator verification
  ---
  duration_ms: 11.590563
  type: 'test'
  ...
# Subtest: wrong network is rejected before facilitator verification
ok 28 - wrong network is rejected before facilitator verification
  ---
  duration_ms: 11.677263
  type: 'test'
  ...
# Subtest: wrong asset is rejected before facilitator verification
ok 29 - wrong asset is rejected before facilitator verification
  ---
  duration_ms: 11.295378
  type: 'test'
  ...
# Subtest: wrong resource is rejected before facilitator verification
ok 30 - wrong resource is rejected before facilitator verification
  ---
  duration_ms: 11.801481
  type: 'test'
  ...
# Subtest: failed facilitator verification never settles or issues
ok 31 - failed facilitator verification never settles or issues
  ---
  duration_ms: 13.792808
  type: 'test'
  ...
# Subtest: concurrent same-purchase requests converge on one transfer and one immutable result
ok 32 - concurrent same-purchase requests converge on one transfer and one immutable result
  ---
  duration_ms: 78.369171
  type: 'test'
  ...
# Subtest: an uncertain settlement never becomes an optimistic mark
ok 33 - an uncertain settlement never becomes an optimistic mark
  ---
  duration_ms: 23.670803
  type: 'test'
  ...
# Subtest: lost response after settlement recovers exact stored authorization, not a second charge
ok 34 - lost response after settlement recovers exact stored authorization, not a second charge
  ---
  duration_ms: 20.71829
  type: 'test'
  ...
# Subtest: crash after durable settlement resumes signing without another settlement
ok 35 - crash after durable settlement resumes signing without another settlement
  ---
  duration_ms: 27.460266
  type: 'test'
  ...
# Subtest: lost HTTP response after durable issuance retrieves byte-identically
ok 36 - lost HTTP response after durable issuance retrieves byte-identically
  ---
  duration_ms: 23.8547
  type: 'test'
  ...
# Subtest: a fresh process connection retrieves durable SQLite bytes
ok 37 - a fresh process connection retrieves durable SQLite bytes
  ---
  duration_ms: 28.544858
  type: 'test'
  ...
# Subtest: buyer A cannot retrieve buyer B private result
ok 38 - buyer A cannot retrieve buyer B private result
  ---
  duration_ms: 22.633672
  type: 'test'
  ...
# Subtest: independent verifier rejects altered signatures and a wrong root pin
ok 39 - independent verifier rejects altered signatures and a wrong root pin
  ---
  duration_ms: 1314.446751
  type: 'test'
  ...
# Subtest: independent replay rejects issuer-signed false promotion
ok 40 - independent replay rejects issuer-signed false promotion
  ---
  duration_ms: 668.955696
  type: 'test'
  ...
# Subtest: public registry binds the exact signed file and independent freshness check passes
ok 41 - public registry binds the exact signed file and independent freshness check passes
  ---
  duration_ms: 1330.25016
  type: 'test'
  ...
# Subtest: withdrawal appends history, does not rewrite a Mark, and cannot silently reactivate it
ok 42 - withdrawal appends history, does not rewrite a Mark, and cannot silently reactivate it
  ---
  duration_ms: 28.324922
  type: 'test'
  ...
1..42
# tests 42
# suites 0
# pass 42
# fail 0
# cancelled 0
# skipped 0
# todo 0
# duration_ms 5191.330869
